// Jest Snapshot v1, https://goo.gl/fbAQLP

exports[`API dot() returns a promise resolved with graphviz DOT output 1`] = `
"digraph G {
	graph [bb=\\"0,0,54,72\\",
		bgcolor=\\"#111111\\",
		layout=neato,
		overlap=true,
		pad=0.3,
		rankdir=LR
	];
	node [color=\\"#c6c5fe\\",
		fontcolor=\\"#c6c5fe\\",
		fontname=Arial,
		fontsize=0,
		height=1,
		label=\\"\\\\N\\",
		pos=\\"0,0!\\",
		shape=box,
		style=rounded
	];
	edge [color=\\"#757575\\"];
	\\"b.js\\"	 [pos=\\"27,36\\",
		width=0.75];
	\\"c.js\\"	 [color=\\"#cfffac\\",
		fontcolor=\\"#cfffac\\",
		pos=\\"27,36\\",
		width=0.75];
	\\"b.js\\" -> \\"c.js\\"	 [pos=\\"e,27,36 27,36 27,36 27,36 27,36\\"];
}
"
`;
